Checking email configuration...
EMAIL_HOST: smtp.gmail.com
EMAIL_PORT: 587
EMAIL_USER: boxcrick3@gmail.com
EMAIL_PASS length: 19
EMAIL_PASS starts with: c***
Γä╣∩╕Å  Password length counts 16 characters (ignoring spaces), which looks like an App Password.
Attempting to verify connection...
node : Γ¥î 
Verification failed: 
Invalid login: 
534-5.7.9 Please log 
in with your web 
browser and then try 
again. For more
At line:1 char:1
+ node test_email_con
nection.js > 
test_output.txt 2>&1
+ ~~~~~~~~~~~~~~~~~~~
~~~~~~~~~~~~~~~~~~~~~
~~~~~~~~~~~~
    + CategoryInfo   
           : NotSpe  
  cified: (Γ¥î Ver   
 ificatio...again    
. For more:Strin    
g) [], RemoteExc    
eption
    + FullyQualified 
   ErrorId : Native  
  CommandError
 
534-5.7.9 
information, go to
534 5.7.9  https://su
pport.google.com/mail
/?p=WebLoginRequired 
d2e1a72fcca58-82379c1
eeebsm2984314b3a.45 
- gsmtp
Server response: 
534-5.7.9 Please log 
in with your web 
browser and then try 
again. For more
534-5.7.9 
information, go to
534 5.7.9  https://su
pport.google.com/mail
/?p=WebLoginRequired 
d2e1a72fcca58-82379c1
eeebsm2984314b3a.45 
- gsmtp
